INFO:     Started server process [14888]
INFO:     Waiting for application startup.
INFO:     Application startup complete.
INFO:     Uvicorn running on http://127.0.0.1:8765 (Press CTRL+C to quit)
ERROR:    Exception in ASGI application
Traceback (most recent call last):
  File "D:\Program Files\XAMPP\htdocs\tbot\fast api tel uploader\.venv\Lib\site-packages\uvicorn\protocols\http\httptools_impl.py", line 422, in run_asgi
    result = await app(  # type: ignore[func-returns-value]
             ^^^^^^^^^^^^^^^^^^^^^^^^^^^^^^^^^^^^^^^^^^^^^^
  File "D:\Program Files\XAMPP\htdocs\tbot\fast api tel uploader\.venv\Lib\site-packages\uvicorn\middleware\proxy_headers.py", line 63, in __call__
    return await self.app(scope, receive, send)
           ^^^^^^^^^^^^^^^^^^^^^^^^^^^^^^^^^^^^
  File "D:\Program Files\XAMPP\htdocs\tbot\fast api tel uploader\.venv\Lib\site-packages\fastapi\applications.py", line 1163, in __call__
    await super().__call__(scope, receive, send)
  File "D:\Program Files\XAMPP\htdocs\tbot\fast api tel uploader\.venv\Lib\site-packages\starlette\applications.py", line 96, in __call__
    await self.middleware_stack(scope, receive, send)
  File "D:\Program Files\XAMPP\htdocs\tbot\fast api tel uploader\.venv\Lib\site-packages\starlette\middleware\errors.py", line 186, in __call__
    raise exc
  File "D:\Program Files\XAMPP\htdocs\tbot\fast api tel uploader\.venv\Lib\site-packages\starlette\middleware\errors.py", line 164, in __call__
    await self.app(scope, receive, _send)
  File "D:\Program Files\XAMPP\htdocs\tbot\fast api tel uploader\.venv\Lib\site-packages\starlette\middleware\cors.py", line 88, in __call__
    await self.app(scope, receive, send)
  File "D:\Program Files\XAMPP\htdocs\tbot\fast api tel uploader\.venv\Lib\site-packages\starlette\middleware\base.py", line 194, in __call__
    await response(scope, wrapped_receive, send)
  File "D:\Program Files\XAMPP\htdocs\tbot\fast api tel uploader\.venv\Lib\site-packages\starlette\middleware\base.py", line 241, in __call__
    await send({"type": "http.response.body", "body": b"", "more_body": False})
  File "D:\Program Files\XAMPP\htdocs\tbot\fast api tel uploader\.venv\Lib\site-packages\starlette\middleware\errors.py", line 161, in _send
    await send(message)
  File "D:\Program Files\XAMPP\htdocs\tbot\fast api tel uploader\.venv\Lib\site-packages\uvicorn\protocols\http\httptools_impl.py", line 556, in send
    raise RuntimeError("Response content shorter than Content-Length")
RuntimeError: Response content shorter than Content-Length
ERROR:    Exception in ASGI application
Traceback (most recent call last):
  File "D:\Program Files\XAMPP\htdocs\tbot\fast api tel uploader\.venv\Lib\site-packages\uvicorn\protocols\http\httptools_impl.py", line 422, in run_asgi
    result = await app(  # type: ignore[func-returns-value]
             ^^^^^^^^^^^^^^^^^^^^^^^^^^^^^^^^^^^^^^^^^^^^^^
  File "D:\Program Files\XAMPP\htdocs\tbot\fast api tel uploader\.venv\Lib\site-packages\uvicorn\middleware\proxy_headers.py", line 63, in __call__
    return await self.app(scope, receive, send)
           ^^^^^^^^^^^^^^^^^^^^^^^^^^^^^^^^^^^^
  File "D:\Program Files\XAMPP\htdocs\tbot\fast api tel uploader\.venv\Lib\site-packages\fastapi\applications.py", line 1163, in __call__
    await super().__call__(scope, receive, send)
  File "D:\Program Files\XAMPP\htdocs\tbot\fast api tel uploader\.venv\Lib\site-packages\starlette\applications.py", line 96, in __call__
    await self.middleware_stack(scope, receive, send)
  File "D:\Program Files\XAMPP\htdocs\tbot\fast api tel uploader\.venv\Lib\site-packages\starlette\middleware\errors.py", line 186, in __call__
    raise exc
  File "D:\Program Files\XAMPP\htdocs\tbot\fast api tel uploader\.venv\Lib\site-packages\starlette\middleware\errors.py", line 164, in __call__
    await self.app(scope, receive, _send)
  File "D:\Program Files\XAMPP\htdocs\tbot\fast api tel uploader\.venv\Lib\site-packages\starlette\middleware\cors.py", line 88, in __call__
    await self.app(scope, receive, send)
  File "D:\Program Files\XAMPP\htdocs\tbot\fast api tel uploader\.venv\Lib\site-packages\starlette\middleware\base.py", line 194, in __call__
    await response(scope, wrapped_receive, send)
  File "D:\Program Files\XAMPP\htdocs\tbot\fast api tel uploader\.venv\Lib\site-packages\starlette\middleware\base.py", line 241, in __call__
    await send({"type": "http.response.body", "body": b"", "more_body": False})
  File "D:\Program Files\XAMPP\htdocs\tbot\fast api tel uploader\.venv\Lib\site-packages\starlette\middleware\errors.py", line 161, in _send
    await send(message)
  File "D:\Program Files\XAMPP\htdocs\tbot\fast api tel uploader\.venv\Lib\site-packages\uvicorn\protocols\http\httptools_impl.py", line 556, in send
    raise RuntimeError("Response content shorter than Content-Length")
RuntimeError: Response content shorter than Content-Length
ERROR:    Exception in ASGI application
Traceback (most recent call last):
  File "D:\Program Files\XAMPP\htdocs\tbot\fast api tel uploader\.venv\Lib\site-packages\uvicorn\protocols\http\httptools_impl.py", line 422, in run_asgi
    result = await app(  # type: ignore[func-returns-value]
             ^^^^^^^^^^^^^^^^^^^^^^^^^^^^^^^^^^^^^^^^^^^^^^
  File "D:\Program Files\XAMPP\htdocs\tbot\fast api tel uploader\.venv\Lib\site-packages\uvicorn\middleware\proxy_headers.py", line 63, in __call__
    return await self.app(scope, receive, send)
           ^^^^^^^^^^^^^^^^^^^^^^^^^^^^^^^^^^^^
  File "D:\Program Files\XAMPP\htdocs\tbot\fast api tel uploader\.venv\Lib\site-packages\fastapi\applications.py", line 1163, in __call__
    await super().__call__(scope, receive, send)
  File "D:\Program Files\XAMPP\htdocs\tbot\fast api tel uploader\.venv\Lib\site-packages\starlette\applications.py", line 96, in __call__
    await self.middleware_stack(scope, receive, send)
  File "D:\Program Files\XAMPP\htdocs\tbot\fast api tel uploader\.venv\Lib\site-packages\starlette\middleware\errors.py", line 186, in __call__
    raise exc
  File "D:\Program Files\XAMPP\htdocs\tbot\fast api tel uploader\.venv\Lib\site-packages\starlette\middleware\errors.py", line 164, in __call__
    await self.app(scope, receive, _send)
  File "D:\Program Files\XAMPP\htdocs\tbot\fast api tel uploader\.venv\Lib\site-packages\starlette\middleware\cors.py", line 88, in __call__
    await self.app(scope, receive, send)
  File "D:\Program Files\XAMPP\htdocs\tbot\fast api tel uploader\.venv\Lib\site-packages\starlette\middleware\base.py", line 194, in __call__
    await response(scope, wrapped_receive, send)
  File "D:\Program Files\XAMPP\htdocs\tbot\fast api tel uploader\.venv\Lib\site-packages\starlette\middleware\base.py", line 241, in __call__
    await send({"type": "http.response.body", "body": b"", "more_body": False})
  File "D:\Program Files\XAMPP\htdocs\tbot\fast api tel uploader\.venv\Lib\site-packages\starlette\middleware\errors.py", line 161, in _send
    await send(message)
  File "D:\Program Files\XAMPP\htdocs\tbot\fast api tel uploader\.venv\Lib\site-packages\uvicorn\protocols\http\httptools_impl.py", line 556, in send
    raise RuntimeError("Response content shorter than Content-Length")
RuntimeError: Response content shorter than Content-Length
ERROR:    Exception in ASGI application
Traceback (most recent call last):
  File "D:\Program Files\XAMPP\htdocs\tbot\fast api tel uploader\.venv\Lib\site-packages\uvicorn\protocols\http\httptools_impl.py", line 422, in run_asgi
    result = await app(  # type: ignore[func-returns-value]
             ^^^^^^^^^^^^^^^^^^^^^^^^^^^^^^^^^^^^^^^^^^^^^^
  File "D:\Program Files\XAMPP\htdocs\tbot\fast api tel uploader\.venv\Lib\site-packages\uvicorn\middleware\proxy_headers.py", line 63, in __call__
    return await self.app(scope, receive, send)
           ^^^^^^^^^^^^^^^^^^^^^^^^^^^^^^^^^^^^
  File "D:\Program Files\XAMPP\htdocs\tbot\fast api tel uploader\.venv\Lib\site-packages\fastapi\applications.py", line 1163, in __call__
    await super().__call__(scope, receive, send)
  File "D:\Program Files\XAMPP\htdocs\tbot\fast api tel uploader\.venv\Lib\site-packages\starlette\applications.py", line 96, in __call__
    await self.middleware_stack(scope, receive, send)
  File "D:\Program Files\XAMPP\htdocs\tbot\fast api tel uploader\.venv\Lib\site-packages\starlette\middleware\errors.py", line 186, in __call__
    raise exc
  File "D:\Program Files\XAMPP\htdocs\tbot\fast api tel uploader\.venv\Lib\site-packages\starlette\middleware\errors.py", line 164, in __call__
    await self.app(scope, receive, _send)
  File "D:\Program Files\XAMPP\htdocs\tbot\fast api tel uploader\.venv\Lib\site-packages\starlette\middleware\cors.py", line 88, in __call__
    await self.app(scope, receive, send)
  File "D:\Program Files\XAMPP\htdocs\tbot\fast api tel uploader\.venv\Lib\site-packages\starlette\middleware\base.py", line 194, in __call__
    await response(scope, wrapped_receive, send)
  File "D:\Program Files\XAMPP\htdocs\tbot\fast api tel uploader\.venv\Lib\site-packages\starlette\middleware\base.py", line 241, in __call__
    await send({"type": "http.response.body", "body": b"", "more_body": False})
  File "D:\Program Files\XAMPP\htdocs\tbot\fast api tel uploader\.venv\Lib\site-packages\starlette\middleware\errors.py", line 161, in _send
    await send(message)
  File "D:\Program Files\XAMPP\htdocs\tbot\fast api tel uploader\.venv\Lib\site-packages\uvicorn\protocols\http\httptools_impl.py", line 556, in send
    raise RuntimeError("Response content shorter than Content-Length")
RuntimeError: Response content shorter than Content-Length
ERROR:    Exception in ASGI application
Traceback (most recent call last):
  File "D:\Program Files\XAMPP\htdocs\tbot\fast api tel uploader\.venv\Lib\site-packages\uvicorn\protocols\http\httptools_impl.py", line 422, in run_asgi
    result = await app(  # type: ignore[func-returns-value]
             ^^^^^^^^^^^^^^^^^^^^^^^^^^^^^^^^^^^^^^^^^^^^^^
  File "D:\Program Files\XAMPP\htdocs\tbot\fast api tel uploader\.venv\Lib\site-packages\uvicorn\middleware\proxy_headers.py", line 63, in __call__
    return await self.app(scope, receive, send)
           ^^^^^^^^^^^^^^^^^^^^^^^^^^^^^^^^^^^^
  File "D:\Program Files\XAMPP\htdocs\tbot\fast api tel uploader\.venv\Lib\site-packages\fastapi\applications.py", line 1163, in __call__
    await super().__call__(scope, receive, send)
  File "D:\Program Files\XAMPP\htdocs\tbot\fast api tel uploader\.venv\Lib\site-packages\starlette\applications.py", line 96, in __call__
    await self.middleware_stack(scope, receive, send)
  File "D:\Program Files\XAMPP\htdocs\tbot\fast api tel uploader\.venv\Lib\site-packages\starlette\middleware\errors.py", line 186, in __call__
    raise exc
  File "D:\Program Files\XAMPP\htdocs\tbot\fast api tel uploader\.venv\Lib\site-packages\starlette\middleware\errors.py", line 164, in __call__
    await self.app(scope, receive, _send)
  File "D:\Program Files\XAMPP\htdocs\tbot\fast api tel uploader\.venv\Lib\site-packages\starlette\middleware\cors.py", line 88, in __call__
    await self.app(scope, receive, send)
  File "D:\Program Files\XAMPP\htdocs\tbot\fast api tel uploader\.venv\Lib\site-packages\starlette\middleware\base.py", line 194, in __call__
    await response(scope, wrapped_receive, send)
  File "D:\Program Files\XAMPP\htdocs\tbot\fast api tel uploader\.venv\Lib\site-packages\starlette\middleware\base.py", line 241, in __call__
    await send({"type": "http.response.body", "body": b"", "more_body": False})
  File "D:\Program Files\XAMPP\htdocs\tbot\fast api tel uploader\.venv\Lib\site-packages\starlette\middleware\errors.py", line 161, in _send
    await send(message)
  File "D:\Program Files\XAMPP\htdocs\tbot\fast api tel uploader\.venv\Lib\site-packages\uvicorn\protocols\http\httptools_impl.py", line 556, in send
    raise RuntimeError("Response content shorter than Content-Length")
RuntimeError: Response content shorter than Content-Length
ERROR:    Exception in ASGI application
Traceback (most recent call last):
  File "D:\Program Files\XAMPP\htdocs\tbot\fast api tel uploader\.venv\Lib\site-packages\uvicorn\protocols\http\httptools_impl.py", line 422, in run_asgi
    result = await app(  # type: ignore[func-returns-value]
             ^^^^^^^^^^^^^^^^^^^^^^^^^^^^^^^^^^^^^^^^^^^^^^
  File "D:\Program Files\XAMPP\htdocs\tbot\fast api tel uploader\.venv\Lib\site-packages\uvicorn\middleware\proxy_headers.py", line 63, in __call__
    return await self.app(scope, receive, send)
           ^^^^^^^^^^^^^^^^^^^^^^^^^^^^^^^^^^^^
  File "D:\Program Files\XAMPP\htdocs\tbot\fast api tel uploader\.venv\Lib\site-packages\fastapi\applications.py", line 1163, in __call__
    await super().__call__(scope, receive, send)
  File "D:\Program Files\XAMPP\htdocs\tbot\fast api tel uploader\.venv\Lib\site-packages\starlette\applications.py", line 96, in __call__
    await self.middleware_stack(scope, receive, send)
  File "D:\Program Files\XAMPP\htdocs\tbot\fast api tel uploader\.venv\Lib\site-packages\starlette\middleware\errors.py", line 186, in __call__
    raise exc
  File "D:\Program Files\XAMPP\htdocs\tbot\fast api tel uploader\.venv\Lib\site-packages\starlette\middleware\errors.py", line 164, in __call__
    await self.app(scope, receive, _send)
  File "D:\Program Files\XAMPP\htdocs\tbot\fast api tel uploader\.venv\Lib\site-packages\starlette\middleware\cors.py", line 88, in __call__
    await self.app(scope, receive, send)
  File "D:\Program Files\XAMPP\htdocs\tbot\fast api tel uploader\.venv\Lib\site-packages\starlette\middleware\base.py", line 194, in __call__
    await response(scope, wrapped_receive, send)
  File "D:\Program Files\XAMPP\htdocs\tbot\fast api tel uploader\.venv\Lib\site-packages\starlette\middleware\base.py", line 241, in __call__
    await send({"type": "http.response.body", "body": b"", "more_body": False})
  File "D:\Program Files\XAMPP\htdocs\tbot\fast api tel uploader\.venv\Lib\site-packages\starlette\middleware\errors.py", line 161, in _send
    await send(message)
  File "D:\Program Files\XAMPP\htdocs\tbot\fast api tel uploader\.venv\Lib\site-packages\uvicorn\protocols\http\httptools_impl.py", line 556, in send
    raise RuntimeError("Response content shorter than Content-Length")
RuntimeError: Response content shorter than Content-Length
ERROR:    Exception in ASGI application
  + Exception Group Traceback (most recent call last):
  |   File "D:\Program Files\XAMPP\htdocs\tbot\fast api tel uploader\.venv\Lib\site-packages\starlette\_utils.py", line 85, in create_collapsing_task_group
  |     async with anyio.create_task_group() as tg:
  |                ^^^^^^^^^^^^^^^^^^^^^^^^^
  |   File "D:\Program Files\XAMPP\htdocs\tbot\fast api tel uploader\.venv\Lib\site-packages\anyio\_backends\_asyncio.py", line 847, in __aexit__
  |     raise BaseExceptionGroup(
  | ExceptionGroup: unhandled errors in a TaskGroup (1 sub-exception)
  +-+---------------- 1 ----------------
    | Traceback (most recent call last):
    |   File "D:\Program Files\XAMPP\htdocs\tbot\fast api tel uploader\.venv\Lib\site-packages\uvicorn\protocols\http\httptools_impl.py", line 422, in run_asgi
    |     result = await app(  # type: ignore[func-returns-value]
    |              ^^^^^^^^^^^^^^^^^^^^^^^^^^^^^^^^^^^^^^^^^^^^^^
    |   File "D:\Program Files\XAMPP\htdocs\tbot\fast api tel uploader\.venv\Lib\site-packages\uvicorn\middleware\proxy_headers.py", line 63, in __call__
    |     return await self.app(scope, receive, send)
    |            ^^^^^^^^^^^^^^^^^^^^^^^^^^^^^^^^^^^^
    |   File "D:\Program Files\XAMPP\htdocs\tbot\fast api tel uploader\.venv\Lib\site-packages\fastapi\applications.py", line 1163, in __call__
    |     await super().__call__(scope, receive, send)
    |   File "D:\Program Files\XAMPP\htdocs\tbot\fast api tel uploader\.venv\Lib\site-packages\starlette\applications.py", line 96, in __call__
    |     await self.middleware_stack(scope, receive, send)
    |   File "D:\Program Files\XAMPP\htdocs\tbot\fast api tel uploader\.venv\Lib\site-packages\starlette\middleware\errors.py", line 186, in __call__
    |     raise exc
    |   File "D:\Program Files\XAMPP\htdocs\tbot\fast api tel uploader\.venv\Lib\site-packages\starlette\middleware\errors.py", line 164, in __call__
    |     await self.app(scope, receive, _send)
    |   File "D:\Program Files\XAMPP\htdocs\tbot\fast api tel uploader\.venv\Lib\site-packages\starlette\middleware\cors.py", line 88, in __call__
    |     await self.app(scope, receive, send)
    |   File "D:\Program Files\XAMPP\htdocs\tbot\fast api tel uploader\.venv\Lib\site-packages\starlette\middleware\base.py", line 193, in __call__
    |     response = await self.dispatch_func(request, call_next)
    |                ^^^^^^^^^^^^^^^^^^^^^^^^^^^^^^^^^^^^^^^^^^^^
    |   File "D:\Program Files\XAMPP\htdocs\tbot\fast api tel uploader\app\main.py", line 148, in dispatch
    |     resp = await call_next(request)
    |            ^^^^^^^^^^^^^^^^^^^^^^^^
    |   File "D:\Program Files\XAMPP\htdocs\tbot\fast api tel uploader\.venv\Lib\site-packages\starlette\middleware\base.py", line 168, in call_next
    |     raise app_exc from app_exc.__cause__ or app_exc.__context__
    |   File "D:\Program Files\XAMPP\htdocs\tbot\fast api tel uploader\.venv\Lib\site-packages\starlette\middleware\base.py", line 144, in coro
    |     await self.app(scope, receive_or_disconnect, send_no_error)
    |   File "D:\Program Files\XAMPP\htdocs\tbot\fast api tel uploader\.venv\Lib\site-packages\starlette\middleware\base.py", line 193, in __call__
    |     response = await self.dispatch_func(request, call_next)
    |                ^^^^^^^^^^^^^^^^^^^^^^^^^^^^^^^^^^^^^^^^^^^^
    |   File "D:\Program Files\XAMPP\htdocs\tbot\fast api tel uploader\app\main.py", line 178, in dispatch
    |     response = await call_next(request)
    |                ^^^^^^^^^^^^^^^^^^^^^^^^
    |   File "D:\Program Files\XAMPP\htdocs\tbot\fast api tel uploader\.venv\Lib\site-packages\starlette\middleware\base.py", line 168, in call_next
    |     raise app_exc from app_exc.__cause__ or app_exc.__context__
    |   File "D:\Program Files\XAMPP\htdocs\tbot\fast api tel uploader\.venv\Lib\site-packages\starlette\middleware\base.py", line 144, in coro
    |     await self.app(scope, receive_or_disconnect, send_no_error)
    |   File "D:\Program Files\XAMPP\htdocs\tbot\fast api tel uploader\.venv\Lib\site-packages\starlette\middleware\exceptions.py", line 63, in __call__
    |     await wrap_app_handling_exceptions(self.app, conn)(scope, receive, send)
    |   File "D:\Program Files\XAMPP\htdocs\tbot\fast api tel uploader\.venv\Lib\site-packages\starlette\_exception_handler.py", line 53, in wrapped_app
    |     raise exc
    |   File "D:\Program Files\XAMPP\htdocs\tbot\fast api tel uploader\.venv\Lib\site-packages\starlette\_exception_handler.py", line 42, in wrapped_app
    |     await app(scope, receive, sender)
    |   File "D:\Program Files\XAMPP\htdocs\tbot\fast api tel uploader\.venv\Lib\site-packages\fastapi\middleware\asyncexitstack.py", line 18, in __call__
    |     await self.app(scope, receive, send)
    |   File "D:\Program Files\XAMPP\htdocs\tbot\fast api tel uploader\.venv\Lib\site-packages\starlette\routing.py", line 670, in __call__
    |     await self.middleware_stack(scope, receive, send)
    |   File "D:\Program Files\XAMPP\htdocs\tbot\fast api tel uploader\.venv\Lib\site-packages\fastapi\routing.py", line 2734, in app
    |     await route.handle(scope, receive, send)
    |   File "D:\Program Files\XAMPP\htdocs\tbot\fast api tel uploader\.venv\Lib\site-packages\fastapi\routing.py", line 1780, in handle
    |     await self.original_router.handle(scope, receive, send)
    |   File "D:\Program Files\XAMPP\htdocs\tbot\fast api tel uploader\.venv\Lib\site-packages\fastapi\routing.py", line 2789, in handle
    |     await included_router._handle_selected(scope, receive, send)
    |   File "D:\Program Files\XAMPP\htdocs\tbot\fast api tel uploader\.venv\Lib\site-packages\fastapi\routing.py", line 1800, in _handle_selected
    |     await original_route.handle(scope, receive, send)
    |   File "D:\Program Files\XAMPP\htdocs\tbot\fast api tel uploader\.venv\Lib\site-packages\fastapi\routing.py", line 1279, in handle
    |     await app(scope, receive, send)
    |   File "D:\Program Files\XAMPP\htdocs\tbot\fast api tel uploader\.venv\Lib\site-packages\fastapi\routing.py", line 158, in app
    |     await wrap_app_handling_exceptions(app, request)(scope, receive, send)
    |   File "D:\Program Files\XAMPP\htdocs\tbot\fast api tel uploader\.venv\Lib\site-packages\starlette\_exception_handler.py", line 53, in wrapped_app
    |     raise exc
    |   File "D:\Program Files\XAMPP\htdocs\tbot\fast api tel uploader\.venv\Lib\site-packages\starlette\_exception_handler.py", line 42, in wrapped_app
    |     await app(scope, receive, sender)
    |   File "D:\Program Files\XAMPP\htdocs\tbot\fast api tel uploader\.venv\Lib\site-packages\fastapi\routing.py", line 144, in app
    |     response = await f(request)
    |                ^^^^^^^^^^^^^^^^
    |   File "D:\Program Files\XAMPP\htdocs\tbot\fast api tel uploader\.venv\Lib\site-packages\fastapi\routing.py", line 706, in app
    |     raw_response = await run_endpoint_function(
    |                    ^^^^^^^^^^^^^^^^^^^^^^^^^^^^
    |   File "D:\Program Files\XAMPP\htdocs\tbot\fast api tel uploader\.venv\Lib\site-packages\fastapi\routing.py", line 352, in run_endpoint_function
    |     return await dependant.call(**values)
    |            ^^^^^^^^^^^^^^^^^^^^^^^^^^^^^^
    |   File "D:\Program Files\XAMPP\htdocs\tbot\fast api tel uploader\app\api\files.py", line 585, in slug_thumb
    |     borrowed = await state.manager.acquire("acc")
    |                ^^^^^^^^^^^^^^^^^^^^^^^^^^^^^^^^^^
    |   File "D:\Program Files\XAMPP\htdocs\tbot\fast api tel uploader\app\tg\manager.py", line 319, in acquire
    |     raise NoBackendAvailable("no available backend within timeout")
    | app.tg.manager.NoBackendAvailable: no available backend within timeout
    +------------------------------------

The above exception was the direct cause of the following exception:

Traceback (most recent call last):
  File "D:\Program Files\XAMPP\htdocs\tbot\fast api tel uploader\.venv\Lib\site-packages\uvicorn\protocols\http\httptools_impl.py", line 422, in run_asgi
    result = await app(  # type: ignore[func-returns-value]
             ^^^^^^^^^^^^^^^^^^^^^^^^^^^^^^^^^^^^^^^^^^^^^^
  File "D:\Program Files\XAMPP\htdocs\tbot\fast api tel uploader\.venv\Lib\site-packages\uvicorn\middleware\proxy_headers.py", line 63, in __call__
    return await self.app(scope, receive, send)
           ^^^^^^^^^^^^^^^^^^^^^^^^^^^^^^^^^^^^
  File "D:\Program Files\XAMPP\htdocs\tbot\fast api tel uploader\.venv\Lib\site-packages\fastapi\applications.py", line 1163, in __call__
    await super().__call__(scope, receive, send)
  File "D:\Program Files\XAMPP\htdocs\tbot\fast api tel uploader\.venv\Lib\site-packages\starlette\applications.py", line 96, in __call__
    await self.middleware_stack(scope, receive, send)
  File "D:\Program Files\XAMPP\htdocs\tbot\fast api tel uploader\.venv\Lib\site-packages\starlette\middleware\errors.py", line 186, in __call__
    raise exc
  File "D:\Program Files\XAMPP\htdocs\tbot\fast api tel uploader\.venv\Lib\site-packages\starlette\middleware\errors.py", line 164, in __call__
    await self.app(scope, receive, _send)
  File "D:\Program Files\XAMPP\htdocs\tbot\fast api tel uploader\.venv\Lib\site-packages\starlette\middleware\cors.py", line 88, in __call__
    await self.app(scope, receive, send)
  File "D:\Program Files\XAMPP\htdocs\tbot\fast api tel uploader\.venv\Lib\site-packages\starlette\middleware\base.py", line 193, in __call__
    response = await self.dispatch_func(request, call_next)
               ^^^^^^^^^^^^^^^^^^^^^^^^^^^^^^^^^^^^^^^^^^^^
  File "D:\Program Files\XAMPP\htdocs\tbot\fast api tel uploader\app\main.py", line 148, in dispatch
    resp = await call_next(request)
           ^^^^^^^^^^^^^^^^^^^^^^^^
  File "D:\Program Files\XAMPP\htdocs\tbot\fast api tel uploader\.venv\Lib\site-packages\starlette\middleware\base.py", line 168, in call_next
    raise app_exc from app_exc.__cause__ or app_exc.__context__
  File "D:\Program Files\XAMPP\htdocs\tbot\fast api tel uploader\.venv\Lib\site-packages\starlette\middleware\base.py", line 144, in coro
    await self.app(scope, receive_or_disconnect, send_no_error)
  File "D:\Program Files\XAMPP\htdocs\tbot\fast api tel uploader\.venv\Lib\site-packages\starlette\middleware\base.py", line 193, in __call__
    response = await self.dispatch_func(request, call_next)
               ^^^^^^^^^^^^^^^^^^^^^^^^^^^^^^^^^^^^^^^^^^^^
  File "D:\Program Files\XAMPP\htdocs\tbot\fast api tel uploader\app\main.py", line 178, in dispatch
    response = await call_next(request)
               ^^^^^^^^^^^^^^^^^^^^^^^^
  File "D:\Program Files\XAMPP\htdocs\tbot\fast api tel uploader\.venv\Lib\site-packages\starlette\middleware\base.py", line 168, in call_next
    raise app_exc from app_exc.__cause__ or app_exc.__context__
  File "D:\Program Files\XAMPP\htdocs\tbot\fast api tel uploader\.venv\Lib\site-packages\starlette\middleware\base.py", line 144, in coro
    await self.app(scope, receive_or_disconnect, send_no_error)
  File "D:\Program Files\XAMPP\htdocs\tbot\fast api tel uploader\.venv\Lib\site-packages\starlette\middleware\exceptions.py", line 63, in __call__
    await wrap_app_handling_exceptions(self.app, conn)(scope, receive, send)
  File "D:\Program Files\XAMPP\htdocs\tbot\fast api tel uploader\.venv\Lib\site-packages\starlette\_exception_handler.py", line 53, in wrapped_app
    raise exc
  File "D:\Program Files\XAMPP\htdocs\tbot\fast api tel uploader\.venv\Lib\site-packages\starlette\_exception_handler.py", line 42, in wrapped_app
    await app(scope, receive, sender)
  File "D:\Program Files\XAMPP\htdocs\tbot\fast api tel uploader\.venv\Lib\site-packages\fastapi\middleware\asyncexitstack.py", line 18, in __call__
    await self.app(scope, receive, send)
  File "D:\Program Files\XAMPP\htdocs\tbot\fast api tel uploader\.venv\Lib\site-packages\starlette\routing.py", line 670, in __call__
    await self.middleware_stack(scope, receive, send)
  File "D:\Program Files\XAMPP\htdocs\tbot\fast api tel uploader\.venv\Lib\site-packages\fastapi\routing.py", line 2734, in app
    await route.handle(scope, receive, send)
  File "D:\Program Files\XAMPP\htdocs\tbot\fast api tel uploader\.venv\Lib\site-packages\fastapi\routing.py", line 1780, in handle
    await self.original_router.handle(scope, receive, send)
  File "D:\Program Files\XAMPP\htdocs\tbot\fast api tel uploader\.venv\Lib\site-packages\fastapi\routing.py", line 2789, in handle
    await included_router._handle_selected(scope, receive, send)
  File "D:\Program Files\XAMPP\htdocs\tbot\fast api tel uploader\.venv\Lib\site-packages\fastapi\routing.py", line 1800, in _handle_selected
    await original_route.handle(scope, receive, send)
  File "D:\Program Files\XAMPP\htdocs\tbot\fast api tel uploader\.venv\Lib\site-packages\fastapi\routing.py", line 1279, in handle
    await app(scope, receive, send)
  File "D:\Program Files\XAMPP\htdocs\tbot\fast api tel uploader\.venv\Lib\site-packages\fastapi\routing.py", line 158, in app
    await wrap_app_handling_exceptions(app, request)(scope, receive, send)
  File "D:\Program Files\XAMPP\htdocs\tbot\fast api tel uploader\.venv\Lib\site-packages\starlette\_exception_handler.py", line 53, in wrapped_app
    raise exc
  File "D:\Program Files\XAMPP\htdocs\tbot\fast api tel uploader\.venv\Lib\site-packages\starlette\_exception_handler.py", line 42, in wrapped_app
    await app(scope, receive, sender)
  File "D:\Program Files\XAMPP\htdocs\tbot\fast api tel uploader\.venv\Lib\site-packages\fastapi\routing.py", line 144, in app
    response = await f(request)
               ^^^^^^^^^^^^^^^^
  File "D:\Program Files\XAMPP\htdocs\tbot\fast api tel uploader\.venv\Lib\site-packages\fastapi\routing.py", line 706, in app
    raw_response = await run_endpoint_function(
                   ^^^^^^^^^^^^^^^^^^^^^^^^^^^^
  File "D:\Program Files\XAMPP\htdocs\tbot\fast api tel uploader\.venv\Lib\site-packages\fastapi\routing.py", line 352, in run_endpoint_function
    return await dependant.call(**values)
           ^^^^^^^^^^^^^^^^^^^^^^^^^^^^^^
  File "D:\Program Files\XAMPP\htdocs\tbot\fast api tel uploader\app\api\files.py", line 585, in slug_thumb
    borrowed = await state.manager.acquire("acc")
               ^^^^^^^^^^^^^^^^^^^^^^^^^^^^^^^^^^
  File "D:\Program Files\XAMPP\htdocs\tbot\fast api tel uploader\app\tg\manager.py", line 319, in acquire
    raise NoBackendAvailable("no available backend within timeout")
app.tg.manager.NoBackendAvailable: no available backend within timeout
ERROR:    Exception in ASGI application
  + Exception Group Traceback (most recent call last):
  |   File "D:\Program Files\XAMPP\htdocs\tbot\fast api tel uploader\.venv\Lib\site-packages\starlette\_utils.py", line 85, in create_collapsing_task_group
  |     async with anyio.create_task_group() as tg:
  |                ^^^^^^^^^^^^^^^^^^^^^^^^^
  |   File "D:\Program Files\XAMPP\htdocs\tbot\fast api tel uploader\.venv\Lib\site-packages\anyio\_backends\_asyncio.py", line 847, in __aexit__
  |     raise BaseExceptionGroup(
  | ExceptionGroup: unhandled errors in a TaskGroup (1 sub-exception)
  +-+---------------- 1 ----------------
    | Traceback (most recent call last):
    |   File "D:\Program Files\XAMPP\htdocs\tbot\fast api tel uploader\.venv\Lib\site-packages\uvicorn\protocols\http\httptools_impl.py", line 422, in run_asgi
    |     result = await app(  # type: ignore[func-returns-value]
    |              ^^^^^^^^^^^^^^^^^^^^^^^^^^^^^^^^^^^^^^^^^^^^^^
    |   File "D:\Program Files\XAMPP\htdocs\tbot\fast api tel uploader\.venv\Lib\site-packages\uvicorn\middleware\proxy_headers.py", line 63, in __call__
    |     return await self.app(scope, receive, send)
    |            ^^^^^^^^^^^^^^^^^^^^^^^^^^^^^^^^^^^^
    |   File "D:\Program Files\XAMPP\htdocs\tbot\fast api tel uploader\.venv\Lib\site-packages\fastapi\applications.py", line 1163, in __call__
    |     await super().__call__(scope, receive, send)
    |   File "D:\Program Files\XAMPP\htdocs\tbot\fast api tel uploader\.venv\Lib\site-packages\starlette\applications.py", line 96, in __call__
    |     await self.middleware_stack(scope, receive, send)
    |   File "D:\Program Files\XAMPP\htdocs\tbot\fast api tel uploader\.venv\Lib\site-packages\starlette\middleware\errors.py", line 186, in __call__
    |     raise exc
    |   File "D:\Program Files\XAMPP\htdocs\tbot\fast api tel uploader\.venv\Lib\site-packages\starlette\middleware\errors.py", line 164, in __call__
    |     await self.app(scope, receive, _send)
    |   File "D:\Program Files\XAMPP\htdocs\tbot\fast api tel uploader\.venv\Lib\site-packages\starlette\middleware\cors.py", line 88, in __call__
    |     await self.app(scope, receive, send)
    |   File "D:\Program Files\XAMPP\htdocs\tbot\fast api tel uploader\.venv\Lib\site-packages\starlette\middleware\base.py", line 193, in __call__
    |     response = await self.dispatch_func(request, call_next)
    |                ^^^^^^^^^^^^^^^^^^^^^^^^^^^^^^^^^^^^^^^^^^^^
    |   File "D:\Program Files\XAMPP\htdocs\tbot\fast api tel uploader\app\main.py", line 148, in dispatch
    |     resp = await call_next(request)
    |            ^^^^^^^^^^^^^^^^^^^^^^^^
    |   File "D:\Program Files\XAMPP\htdocs\tbot\fast api tel uploader\.venv\Lib\site-packages\starlette\middleware\base.py", line 168, in call_next
    |     raise app_exc from app_exc.__cause__ or app_exc.__context__
    |   File "D:\Program Files\XAMPP\htdocs\tbot\fast api tel uploader\.venv\Lib\site-packages\starlette\middleware\base.py", line 144, in coro
    |     await self.app(scope, receive_or_disconnect, send_no_error)
    |   File "D:\Program Files\XAMPP\htdocs\tbot\fast api tel uploader\.venv\Lib\site-packages\starlette\middleware\base.py", line 193, in __call__
    |     response = await self.dispatch_func(request, call_next)
    |                ^^^^^^^^^^^^^^^^^^^^^^^^^^^^^^^^^^^^^^^^^^^^
    |   File "D:\Program Files\XAMPP\htdocs\tbot\fast api tel uploader\app\main.py", line 178, in dispatch
    |     response = await call_next(request)
    |                ^^^^^^^^^^^^^^^^^^^^^^^^
    |   File "D:\Program Files\XAMPP\htdocs\tbot\fast api tel uploader\.venv\Lib\site-packages\starlette\middleware\base.py", line 168, in call_next
    |     raise app_exc from app_exc.__cause__ or app_exc.__context__
    |   File "D:\Program Files\XAMPP\htdocs\tbot\fast api tel uploader\.venv\Lib\site-packages\starlette\middleware\base.py", line 144, in coro
    |     await self.app(scope, receive_or_disconnect, send_no_error)
    |   File "D:\Program Files\XAMPP\htdocs\tbot\fast api tel uploader\.venv\Lib\site-packages\starlette\middleware\exceptions.py", line 63, in __call__
    |     await wrap_app_handling_exceptions(self.app, conn)(scope, receive, send)
    |   File "D:\Program Files\XAMPP\htdocs\tbot\fast api tel uploader\.venv\Lib\site-packages\starlette\_exception_handler.py", line 53, in wrapped_app
    |     raise exc
    |   File "D:\Program Files\XAMPP\htdocs\tbot\fast api tel uploader\.venv\Lib\site-packages\starlette\_exception_handler.py", line 42, in wrapped_app
    |     await app(scope, receive, sender)
    |   File "D:\Program Files\XAMPP\htdocs\tbot\fast api tel uploader\.venv\Lib\site-packages\fastapi\middleware\asyncexitstack.py", line 18, in __call__
    |     await self.app(scope, receive, send)
    |   File "D:\Program Files\XAMPP\htdocs\tbot\fast api tel uploader\.venv\Lib\site-packages\starlette\routing.py", line 670, in __call__
    |     await self.middleware_stack(scope, receive, send)
    |   File "D:\Program Files\XAMPP\htdocs\tbot\fast api tel uploader\.venv\Lib\site-packages\fastapi\routing.py", line 2734, in app
    |     await route.handle(scope, receive, send)
    |   File "D:\Program Files\XAMPP\htdocs\tbot\fast api tel uploader\.venv\Lib\site-packages\fastapi\routing.py", line 1780, in handle
    |     await self.original_router.handle(scope, receive, send)
    |   File "D:\Program Files\XAMPP\htdocs\tbot\fast api tel uploader\.venv\Lib\site-packages\fastapi\routing.py", line 2789, in handle
    |     await included_router._handle_selected(scope, receive, send)
    |   File "D:\Program Files\XAMPP\htdocs\tbot\fast api tel uploader\.venv\Lib\site-packages\fastapi\routing.py", line 1800, in _handle_selected
    |     await original_route.handle(scope, receive, send)
    |   File "D:\Program Files\XAMPP\htdocs\tbot\fast api tel uploader\.venv\Lib\site-packages\fastapi\routing.py", line 1279, in handle
    |     await app(scope, receive, send)
    |   File "D:\Program Files\XAMPP\htdocs\tbot\fast api tel uploader\.venv\Lib\site-packages\fastapi\routing.py", line 158, in app
    |     await wrap_app_handling_exceptions(app, request)(scope, receive, send)
    |   File "D:\Program Files\XAMPP\htdocs\tbot\fast api tel uploader\.venv\Lib\site-packages\starlette\_exception_handler.py", line 53, in wrapped_app
    |     raise exc
    |   File "D:\Program Files\XAMPP\htdocs\tbot\fast api tel uploader\.venv\Lib\site-packages\starlette\_exception_handler.py", line 42, in wrapped_app
    |     await app(scope, receive, sender)
    |   File "D:\Program Files\XAMPP\htdocs\tbot\fast api tel uploader\.venv\Lib\site-packages\fastapi\routing.py", line 144, in app
    |     response = await f(request)
    |                ^^^^^^^^^^^^^^^^
    |   File "D:\Program Files\XAMPP\htdocs\tbot\fast api tel uploader\.venv\Lib\site-packages\fastapi\routing.py", line 706, in app
    |     raw_response = await run_endpoint_function(
    |                    ^^^^^^^^^^^^^^^^^^^^^^^^^^^^
    |   File "D:\Program Files\XAMPP\htdocs\tbot\fast api tel uploader\.venv\Lib\site-packages\fastapi\routing.py", line 352, in run_endpoint_function
    |     return await dependant.call(**values)
    |            ^^^^^^^^^^^^^^^^^^^^^^^^^^^^^^
    |   File "D:\Program Files\XAMPP\htdocs\tbot\fast api tel uploader\app\api\files.py", line 585, in slug_thumb
    |     borrowed = await state.manager.acquire("acc")
    |                ^^^^^^^^^^^^^^^^^^^^^^^^^^^^^^^^^^
    |   File "D:\Program Files\XAMPP\htdocs\tbot\fast api tel uploader\app\tg\manager.py", line 319, in acquire
    |     raise NoBackendAvailable("no available backend within timeout")
    | app.tg.manager.NoBackendAvailable: no available backend within timeout
    +------------------------------------

The above exception was the direct cause of the following exception:

Traceback (most recent call last):
  File "D:\Program Files\XAMPP\htdocs\tbot\fast api tel uploader\.venv\Lib\site-packages\uvicorn\protocols\http\httptools_impl.py", line 422, in run_asgi
    result = await app(  # type: ignore[func-returns-value]
             ^^^^^^^^^^^^^^^^^^^^^^^^^^^^^^^^^^^^^^^^^^^^^^
  File "D:\Program Files\XAMPP\htdocs\tbot\fast api tel uploader\.venv\Lib\site-packages\uvicorn\middleware\proxy_headers.py", line 63, in __call__
    return await self.app(scope, receive, send)
           ^^^^^^^^^^^^^^^^^^^^^^^^^^^^^^^^^^^^
  File "D:\Program Files\XAMPP\htdocs\tbot\fast api tel uploader\.venv\Lib\site-packages\fastapi\applications.py", line 1163, in __call__
    await super().__call__(scope, receive, send)
  File "D:\Program Files\XAMPP\htdocs\tbot\fast api tel uploader\.venv\Lib\site-packages\starlette\applications.py", line 96, in __call__
    await self.middleware_stack(scope, receive, send)
  File "D:\Program Files\XAMPP\htdocs\tbot\fast api tel uploader\.venv\Lib\site-packages\starlette\middleware\errors.py", line 186, in __call__
    raise exc
  File "D:\Program Files\XAMPP\htdocs\tbot\fast api tel uploader\.venv\Lib\site-packages\starlette\middleware\errors.py", line 164, in __call__
    await self.app(scope, receive, _send)
  File "D:\Program Files\XAMPP\htdocs\tbot\fast api tel uploader\.venv\Lib\site-packages\starlette\middleware\cors.py", line 88, in __call__
    await self.app(scope, receive, send)
  File "D:\Program Files\XAMPP\htdocs\tbot\fast api tel uploader\.venv\Lib\site-packages\starlette\middleware\base.py", line 193, in __call__
    response = await self.dispatch_func(request, call_next)
               ^^^^^^^^^^^^^^^^^^^^^^^^^^^^^^^^^^^^^^^^^^^^
  File "D:\Program Files\XAMPP\htdocs\tbot\fast api tel uploader\app\main.py", line 148, in dispatch
    resp = await call_next(request)
           ^^^^^^^^^^^^^^^^^^^^^^^^
  File "D:\Program Files\XAMPP\htdocs\tbot\fast api tel uploader\.venv\Lib\site-packages\starlette\middleware\base.py", line 168, in call_next
    raise app_exc from app_exc.__cause__ or app_exc.__context__
  File "D:\Program Files\XAMPP\htdocs\tbot\fast api tel uploader\.venv\Lib\site-packages\starlette\middleware\base.py", line 144, in coro
    await self.app(scope, receive_or_disconnect, send_no_error)
  File "D:\Program Files\XAMPP\htdocs\tbot\fast api tel uploader\.venv\Lib\site-packages\starlette\middleware\base.py", line 193, in __call__
    response = await self.dispatch_func(request, call_next)
               ^^^^^^^^^^^^^^^^^^^^^^^^^^^^^^^^^^^^^^^^^^^^
  File "D:\Program Files\XAMPP\htdocs\tbot\fast api tel uploader\app\main.py", line 178, in dispatch
    response = await call_next(request)
               ^^^^^^^^^^^^^^^^^^^^^^^^
  File "D:\Program Files\XAMPP\htdocs\tbot\fast api tel uploader\.venv\Lib\site-packages\starlette\middleware\base.py", line 168, in call_next
    raise app_exc from app_exc.__cause__ or app_exc.__context__
  File "D:\Program Files\XAMPP\htdocs\tbot\fast api tel uploader\.venv\Lib\site-packages\starlette\middleware\base.py", line 144, in coro
    await self.app(scope, receive_or_disconnect, send_no_error)
  File "D:\Program Files\XAMPP\htdocs\tbot\fast api tel uploader\.venv\Lib\site-packages\starlette\middleware\exceptions.py", line 63, in __call__
    await wrap_app_handling_exceptions(self.app, conn)(scope, receive, send)
  File "D:\Program Files\XAMPP\htdocs\tbot\fast api tel uploader\.venv\Lib\site-packages\starlette\_exception_handler.py", line 53, in wrapped_app
    raise exc
  File "D:\Program Files\XAMPP\htdocs\tbot\fast api tel uploader\.venv\Lib\site-packages\starlette\_exception_handler.py", line 42, in wrapped_app
    await app(scope, receive, sender)
  File "D:\Program Files\XAMPP\htdocs\tbot\fast api tel uploader\.venv\Lib\site-packages\fastapi\middleware\asyncexitstack.py", line 18, in __call__
    await self.app(scope, receive, send)
  File "D:\Program Files\XAMPP\htdocs\tbot\fast api tel uploader\.venv\Lib\site-packages\starlette\routing.py", line 670, in __call__
    await self.middleware_stack(scope, receive, send)
  File "D:\Program Files\XAMPP\htdocs\tbot\fast api tel uploader\.venv\Lib\site-packages\fastapi\routing.py", line 2734, in app
    await route.handle(scope, receive, send)
  File "D:\Program Files\XAMPP\htdocs\tbot\fast api tel uploader\.venv\Lib\site-packages\fastapi\routing.py", line 1780, in handle
    await self.original_router.handle(scope, receive, send)
  File "D:\Program Files\XAMPP\htdocs\tbot\fast api tel uploader\.venv\Lib\site-packages\fastapi\routing.py", line 2789, in handle
    await included_router._handle_selected(scope, receive, send)
  File "D:\Program Files\XAMPP\htdocs\tbot\fast api tel uploader\.venv\Lib\site-packages\fastapi\routing.py", line 1800, in _handle_selected
    await original_route.handle(scope, receive, send)
  File "D:\Program Files\XAMPP\htdocs\tbot\fast api tel uploader\.venv\Lib\site-packages\fastapi\routing.py", line 1279, in handle
    await app(scope, receive, send)
  File "D:\Program Files\XAMPP\htdocs\tbot\fast api tel uploader\.venv\Lib\site-packages\fastapi\routing.py", line 158, in app
    await wrap_app_handling_exceptions(app, request)(scope, receive, send)
  File "D:\Program Files\XAMPP\htdocs\tbot\fast api tel uploader\.venv\Lib\site-packages\starlette\_exception_handler.py", line 53, in wrapped_app
    raise exc
  File "D:\Program Files\XAMPP\htdocs\tbot\fast api tel uploader\.venv\Lib\site-packages\starlette\_exception_handler.py", line 42, in wrapped_app
    await app(scope, receive, sender)
  File "D:\Program Files\XAMPP\htdocs\tbot\fast api tel uploader\.venv\Lib\site-packages\fastapi\routing.py", line 144, in app
    response = await f(request)
               ^^^^^^^^^^^^^^^^
  File "D:\Program Files\XAMPP\htdocs\tbot\fast api tel uploader\.venv\Lib\site-packages\fastapi\routing.py", line 706, in app
    raw_response = await run_endpoint_function(
                   ^^^^^^^^^^^^^^^^^^^^^^^^^^^^
  File "D:\Program Files\XAMPP\htdocs\tbot\fast api tel uploader\.venv\Lib\site-packages\fastapi\routing.py", line 352, in run_endpoint_function
    return await dependant.call(**values)
           ^^^^^^^^^^^^^^^^^^^^^^^^^^^^^^
  File "D:\Program Files\XAMPP\htdocs\tbot\fast api tel uploader\app\api\files.py", line 585, in slug_thumb
    borrowed = await state.manager.acquire("acc")
               ^^^^^^^^^^^^^^^^^^^^^^^^^^^^^^^^^^
  File "D:\Program Files\XAMPP\htdocs\tbot\fast api tel uploader\app\tg\manager.py", line 319, in acquire
    raise NoBackendAvailable("no available backend within timeout")
app.tg.manager.NoBackendAvailable: no available backend within timeout
ERROR:    Exception in ASGI application
  + Exception Group Traceback (most recent call last):
  |   File "D:\Program Files\XAMPP\htdocs\tbot\fast api tel uploader\.venv\Lib\site-packages\starlette\_utils.py", line 85, in create_collapsing_task_group
  |     async with anyio.create_task_group() as tg:
  |                ^^^^^^^^^^^^^^^^^^^^^^^^^
  |   File "D:\Program Files\XAMPP\htdocs\tbot\fast api tel uploader\.venv\Lib\site-packages\anyio\_backends\_asyncio.py", line 847, in __aexit__
  |     raise BaseExceptionGroup(
  | ExceptionGroup: unhandled errors in a TaskGroup (1 sub-exception)
  +-+---------------- 1 ----------------
    | Traceback (most recent call last):
    |   File "D:\Program Files\XAMPP\htdocs\tbot\fast api tel uploader\.venv\Lib\site-packages\uvicorn\protocols\http\httptools_impl.py", line 422, in run_asgi
    |     result = await app(  # type: ignore[func-returns-value]
    |              ^^^^^^^^^^^^^^^^^^^^^^^^^^^^^^^^^^^^^^^^^^^^^^
    |   File "D:\Program Files\XAMPP\htdocs\tbot\fast api tel uploader\.venv\Lib\site-packages\uvicorn\middleware\proxy_headers.py", line 63, in __call__
    |     return await self.app(scope, receive, send)
    |            ^^^^^^^^^^^^^^^^^^^^^^^^^^^^^^^^^^^^
    |   File "D:\Program Files\XAMPP\htdocs\tbot\fast api tel uploader\.venv\Lib\site-packages\fastapi\applications.py", line 1163, in __call__
    |     await super().__call__(scope, receive, send)
    |   File "D:\Program Files\XAMPP\htdocs\tbot\fast api tel uploader\.venv\Lib\site-packages\starlette\applications.py", line 96, in __call__
    |     await self.middleware_stack(scope, receive, send)
    |   File "D:\Program Files\XAMPP\htdocs\tbot\fast api tel uploader\.venv\Lib\site-packages\starlette\middleware\errors.py", line 186, in __call__
    |     raise exc
    |   File "D:\Program Files\XAMPP\htdocs\tbot\fast api tel uploader\.venv\Lib\site-packages\starlette\middleware\errors.py", line 164, in __call__
    |     await self.app(scope, receive, _send)
    |   File "D:\Program Files\XAMPP\htdocs\tbot\fast api tel uploader\.venv\Lib\site-packages\starlette\middleware\cors.py", line 88, in __call__
    |     await self.app(scope, receive, send)
    |   File "D:\Program Files\XAMPP\htdocs\tbot\fast api tel uploader\.venv\Lib\site-packages\starlette\middleware\base.py", line 193, in __call__
    |     response = await self.dispatch_func(request, call_next)
    |                ^^^^^^^^^^^^^^^^^^^^^^^^^^^^^^^^^^^^^^^^^^^^
    |   File "D:\Program Files\XAMPP\htdocs\tbot\fast api tel uploader\app\main.py", line 148, in dispatch
    |     resp = await call_next(request)
    |            ^^^^^^^^^^^^^^^^^^^^^^^^
    |   File "D:\Program Files\XAMPP\htdocs\tbot\fast api tel uploader\.venv\Lib\site-packages\starlette\middleware\base.py", line 168, in call_next
    |     raise app_exc from app_exc.__cause__ or app_exc.__context__
    |   File "D:\Program Files\XAMPP\htdocs\tbot\fast api tel uploader\.venv\Lib\site-packages\starlette\middleware\base.py", line 144, in coro
    |     await self.app(scope, receive_or_disconnect, send_no_error)
    |   File "D:\Program Files\XAMPP\htdocs\tbot\fast api tel uploader\.venv\Lib\site-packages\starlette\middleware\base.py", line 193, in __call__
    |     response = await self.dispatch_func(request, call_next)
    |                ^^^^^^^^^^^^^^^^^^^^^^^^^^^^^^^^^^^^^^^^^^^^
    |   File "D:\Program Files\XAMPP\htdocs\tbot\fast api tel uploader\app\main.py", line 178, in dispatch
    |     response = await call_next(request)
    |                ^^^^^^^^^^^^^^^^^^^^^^^^
    |   File "D:\Program Files\XAMPP\htdocs\tbot\fast api tel uploader\.venv\Lib\site-packages\starlette\middleware\base.py", line 168, in call_next
    |     raise app_exc from app_exc.__cause__ or app_exc.__context__
    |   File "D:\Program Files\XAMPP\htdocs\tbot\fast api tel uploader\.venv\Lib\site-packages\starlette\middleware\base.py", line 144, in coro
    |     await self.app(scope, receive_or_disconnect, send_no_error)
    |   File "D:\Program Files\XAMPP\htdocs\tbot\fast api tel uploader\.venv\Lib\site-packages\starlette\middleware\exceptions.py", line 63, in __call__
    |     await wrap_app_handling_exceptions(self.app, conn)(scope, receive, send)
    |   File "D:\Program Files\XAMPP\htdocs\tbot\fast api tel uploader\.venv\Lib\site-packages\starlette\_exception_handler.py", line 53, in wrapped_app
    |     raise exc
    |   File "D:\Program Files\XAMPP\htdocs\tbot\fast api tel uploader\.venv\Lib\site-packages\starlette\_exception_handler.py", line 42, in wrapped_app
    |     await app(scope, receive, sender)
    |   File "D:\Program Files\XAMPP\htdocs\tbot\fast api tel uploader\.venv\Lib\site-packages\fastapi\middleware\asyncexitstack.py", line 18, in __call__
    |     await self.app(scope, receive, send)
    |   File "D:\Program Files\XAMPP\htdocs\tbot\fast api tel uploader\.venv\Lib\site-packages\starlette\routing.py", line 670, in __call__
    |     await self.middleware_stack(scope, receive, send)
    |   File "D:\Program Files\XAMPP\htdocs\tbot\fast api tel uploader\.venv\Lib\site-packages\fastapi\routing.py", line 2734, in app
    |     await route.handle(scope, receive, send)
    |   File "D:\Program Files\XAMPP\htdocs\tbot\fast api tel uploader\.venv\Lib\site-packages\fastapi\routing.py", line 1780, in handle
    |     await self.original_router.handle(scope, receive, send)
    |   File "D:\Program Files\XAMPP\htdocs\tbot\fast api tel uploader\.venv\Lib\site-packages\fastapi\routing.py", line 2789, in handle
    |     await included_router._handle_selected(scope, receive, send)
    |   File "D:\Program Files\XAMPP\htdocs\tbot\fast api tel uploader\.venv\Lib\site-packages\fastapi\routing.py", line 1800, in _handle_selected
    |     await original_route.handle(scope, receive, send)
    |   File "D:\Program Files\XAMPP\htdocs\tbot\fast api tel uploader\.venv\Lib\site-packages\fastapi\routing.py", line 1279, in handle
    |     await app(scope, receive, send)
    |   File "D:\Program Files\XAMPP\htdocs\tbot\fast api tel uploader\.venv\Lib\site-packages\fastapi\routing.py", line 158, in app
    |     await wrap_app_handling_exceptions(app, request)(scope, receive, send)
    |   File "D:\Program Files\XAMPP\htdocs\tbot\fast api tel uploader\.venv\Lib\site-packages\starlette\_exception_handler.py", line 53, in wrapped_app
    |     raise exc
    |   File "D:\Program Files\XAMPP\htdocs\tbot\fast api tel uploader\.venv\Lib\site-packages\starlette\_exception_handler.py", line 42, in wrapped_app
    |     await app(scope, receive, sender)
    |   File "D:\Program Files\XAMPP\htdocs\tbot\fast api tel uploader\.venv\Lib\site-packages\fastapi\routing.py", line 144, in app
    |     response = await f(request)
    |                ^^^^^^^^^^^^^^^^
    |   File "D:\Program Files\XAMPP\htdocs\tbot\fast api tel uploader\.venv\Lib\site-packages\fastapi\routing.py", line 706, in app
    |     raw_response = await run_endpoint_function(
    |                    ^^^^^^^^^^^^^^^^^^^^^^^^^^^^
    |   File "D:\Program Files\XAMPP\htdocs\tbot\fast api tel uploader\.venv\Lib\site-packages\fastapi\routing.py", line 352, in run_endpoint_function
    |     return await dependant.call(**values)
    |            ^^^^^^^^^^^^^^^^^^^^^^^^^^^^^^
    |   File "D:\Program Files\XAMPP\htdocs\tbot\fast api tel uploader\app\api\files.py", line 585, in slug_thumb
    |     borrowed = await state.manager.acquire("acc")
    |                ^^^^^^^^^^^^^^^^^^^^^^^^^^^^^^^^^^
    |   File "D:\Program Files\XAMPP\htdocs\tbot\fast api tel uploader\app\tg\manager.py", line 319, in acquire
    |     raise NoBackendAvailable("no available backend within timeout")
    | app.tg.manager.NoBackendAvailable: no available backend within timeout
    +------------------------------------

The above exception was the direct cause of the following exception:

Traceback (most recent call last):
  File "D:\Program Files\XAMPP\htdocs\tbot\fast api tel uploader\.venv\Lib\site-packages\uvicorn\protocols\http\httptools_impl.py", line 422, in run_asgi
    result = await app(  # type: ignore[func-returns-value]
             ^^^^^^^^^^^^^^^^^^^^^^^^^^^^^^^^^^^^^^^^^^^^^^
  File "D:\Program Files\XAMPP\htdocs\tbot\fast api tel uploader\.venv\Lib\site-packages\uvicorn\middleware\proxy_headers.py", line 63, in __call__
    return await self.app(scope, receive, send)
           ^^^^^^^^^^^^^^^^^^^^^^^^^^^^^^^^^^^^
  File "D:\Program Files\XAMPP\htdocs\tbot\fast api tel uploader\.venv\Lib\site-packages\fastapi\applications.py", line 1163, in __call__
    await super().__call__(scope, receive, send)
  File "D:\Program Files\XAMPP\htdocs\tbot\fast api tel uploader\.venv\Lib\site-packages\starlette\applications.py", line 96, in __call__
    await self.middleware_stack(scope, receive, send)
  File "D:\Program Files\XAMPP\htdocs\tbot\fast api tel uploader\.venv\Lib\site-packages\starlette\middleware\errors.py", line 186, in __call__
    raise exc
  File "D:\Program Files\XAMPP\htdocs\tbot\fast api tel uploader\.venv\Lib\site-packages\starlette\middleware\errors.py", line 164, in __call__
    await self.app(scope, receive, _send)
  File "D:\Program Files\XAMPP\htdocs\tbot\fast api tel uploader\.venv\Lib\site-packages\starlette\middleware\cors.py", line 88, in __call__
    await self.app(scope, receive, send)
  File "D:\Program Files\XAMPP\htdocs\tbot\fast api tel uploader\.venv\Lib\site-packages\starlette\middleware\base.py", line 193, in __call__
    response = await self.dispatch_func(request, call_next)
               ^^^^^^^^^^^^^^^^^^^^^^^^^^^^^^^^^^^^^^^^^^^^
  File "D:\Program Files\XAMPP\htdocs\tbot\fast api tel uploader\app\main.py", line 148, in dispatch
    resp = await call_next(request)
           ^^^^^^^^^^^^^^^^^^^^^^^^
  File "D:\Program Files\XAMPP\htdocs\tbot\fast api tel uploader\.venv\Lib\site-packages\starlette\middleware\base.py", line 168, in call_next
    raise app_exc from app_exc.__cause__ or app_exc.__context__
  File "D:\Program Files\XAMPP\htdocs\tbot\fast api tel uploader\.venv\Lib\site-packages\starlette\middleware\base.py", line 144, in coro
    await self.app(scope, receive_or_disconnect, send_no_error)
  File "D:\Program Files\XAMPP\htdocs\tbot\fast api tel uploader\.venv\Lib\site-packages\starlette\middleware\base.py", line 193, in __call__
    response = await self.dispatch_func(request, call_next)
               ^^^^^^^^^^^^^^^^^^^^^^^^^^^^^^^^^^^^^^^^^^^^
  File "D:\Program Files\XAMPP\htdocs\tbot\fast api tel uploader\app\main.py", line 178, in dispatch
    response = await call_next(request)
               ^^^^^^^^^^^^^^^^^^^^^^^^
  File "D:\Program Files\XAMPP\htdocs\tbot\fast api tel uploader\.venv\Lib\site-packages\starlette\middleware\base.py", line 168, in call_next
    raise app_exc from app_exc.__cause__ or app_exc.__context__
  File "D:\Program Files\XAMPP\htdocs\tbot\fast api tel uploader\.venv\Lib\site-packages\starlette\middleware\base.py", line 144, in coro
    await self.app(scope, receive_or_disconnect, send_no_error)
  File "D:\Program Files\XAMPP\htdocs\tbot\fast api tel uploader\.venv\Lib\site-packages\starlette\middleware\exceptions.py", line 63, in __call__
    await wrap_app_handling_exceptions(self.app, conn)(scope, receive, send)
  File "D:\Program Files\XAMPP\htdocs\tbot\fast api tel uploader\.venv\Lib\site-packages\starlette\_exception_handler.py", line 53, in wrapped_app
    raise exc
  File "D:\Program Files\XAMPP\htdocs\tbot\fast api tel uploader\.venv\Lib\site-packages\starlette\_exception_handler.py", line 42, in wrapped_app
    await app(scope, receive, sender)
  File "D:\Program Files\XAMPP\htdocs\tbot\fast api tel uploader\.venv\Lib\site-packages\fastapi\middleware\asyncexitstack.py", line 18, in __call__
    await self.app(scope, receive, send)
  File "D:\Program Files\XAMPP\htdocs\tbot\fast api tel uploader\.venv\Lib\site-packages\starlette\routing.py", line 670, in __call__
    await self.middleware_stack(scope, receive, send)
  File "D:\Program Files\XAMPP\htdocs\tbot\fast api tel uploader\.venv\Lib\site-packages\fastapi\routing.py", line 2734, in app
    await route.handle(scope, receive, send)
  File "D:\Program Files\XAMPP\htdocs\tbot\fast api tel uploader\.venv\Lib\site-packages\fastapi\routing.py", line 1780, in handle
    await self.original_router.handle(scope, receive, send)
  File "D:\Program Files\XAMPP\htdocs\tbot\fast api tel uploader\.venv\Lib\site-packages\fastapi\routing.py", line 2789, in handle
    await included_router._handle_selected(scope, receive, send)
  File "D:\Program Files\XAMPP\htdocs\tbot\fast api tel uploader\.venv\Lib\site-packages\fastapi\routing.py", line 1800, in _handle_selected
    await original_route.handle(scope, receive, send)
  File "D:\Program Files\XAMPP\htdocs\tbot\fast api tel uploader\.venv\Lib\site-packages\fastapi\routing.py", line 1279, in handle
    await app(scope, receive, send)
  File "D:\Program Files\XAMPP\htdocs\tbot\fast api tel uploader\.venv\Lib\site-packages\fastapi\routing.py", line 158, in app
    await wrap_app_handling_exceptions(app, request)(scope, receive, send)
  File "D:\Program Files\XAMPP\htdocs\tbot\fast api tel uploader\.venv\Lib\site-packages\starlette\_exception_handler.py", line 53, in wrapped_app
    raise exc
  File "D:\Program Files\XAMPP\htdocs\tbot\fast api tel uploader\.venv\Lib\site-packages\starlette\_exception_handler.py", line 42, in wrapped_app
    await app(scope, receive, sender)
  File "D:\Program Files\XAMPP\htdocs\tbot\fast api tel uploader\.venv\Lib\site-packages\fastapi\routing.py", line 144, in app
    response = await f(request)
               ^^^^^^^^^^^^^^^^
  File "D:\Program Files\XAMPP\htdocs\tbot\fast api tel uploader\.venv\Lib\site-packages\fastapi\routing.py", line 706, in app
    raw_response = await run_endpoint_function(
                   ^^^^^^^^^^^^^^^^^^^^^^^^^^^^
  File "D:\Program Files\XAMPP\htdocs\tbot\fast api tel uploader\.venv\Lib\site-packages\fastapi\routing.py", line 352, in run_endpoint_function
    return await dependant.call(**values)
           ^^^^^^^^^^^^^^^^^^^^^^^^^^^^^^
  File "D:\Program Files\XAMPP\htdocs\tbot\fast api tel uploader\app\api\files.py", line 585, in slug_thumb
    borrowed = await state.manager.acquire("acc")
               ^^^^^^^^^^^^^^^^^^^^^^^^^^^^^^^^^^
  File "D:\Program Files\XAMPP\htdocs\tbot\fast api tel uploader\app\tg\manager.py", line 319, in acquire
    raise NoBackendAvailable("no available backend within timeout")
app.tg.manager.NoBackendAvailable: no available backend within timeout
